2026-03-19 16:35:56,229 | INFO | Device: cuda
2026-03-19 16:35:56,229 | INFO | Run dir: affwild2_pipeline\training\runs\affwild2_temporal_vit_tiny
2026-03-19 16:51:41,907 | INFO | epoch=1 step=50/789 loss=1.3193 lr=5.00e-05
2026-03-19 17:06:24,516 | INFO | epoch=1 step=100/789 loss=1.1854 lr=4.98e-05
2026-03-19 17:20:39,146 | INFO | epoch=1 step=150/789 loss=1.1155 lr=4.96e-05
2026-03-19 17:34:59,940 | INFO | epoch=1 step=200/789 loss=1.0782 lr=4.93e-05
2026-03-19 17:48:43,166 | INFO | epoch=1 step=250/789 loss=1.0446 lr=4.88e-05
2026-03-19 18:01:53,555 | INFO | epoch=1 step=300/789 loss=1.0217 lr=4.83e-05
2026-03-19 18:14:35,851 | INFO | epoch=1 step=350/789 loss=0.9992 lr=4.77e-05
2026-03-19 18:27:01,569 | INFO | epoch=1 step=400/789 loss=0.9824 lr=4.70e-05
2026-03-19 18:39:20,986 | INFO | epoch=1 step=450/789 loss=0.9663 lr=4.63e-05
2026-03-19 18:51:33,182 | INFO | epoch=1 step=500/789 loss=0.9501 lr=4.54e-05
2026-03-19 19:03:48,997 | INFO | epoch=1 step=550/789 loss=0.9355 lr=4.45e-05
2026-03-19 19:15:45,406 | INFO | epoch=1 step=600/789 loss=0.9231 lr=4.35e-05
2026-03-19 19:27:30,018 | INFO | epoch=1 step=650/789 loss=0.9120 lr=4.25e-05
2026-03-19 19:39:06,820 | INFO | epoch=1 step=700/789 loss=0.8994 lr=4.13e-05
2026-03-19 19:50:34,851 | INFO | epoch=1 step=750/789 loss=0.8871 lr=4.01e-05
2026-03-19 20:34:57,660 | INFO | epoch=1 val ccc_mean=0.0564 (v=-0.0092, a=0.1220) rmse(v,a)=(0.5066,0.4250)
2026-03-19 20:34:57,930 | INFO | New best checkpoint saved (ccc_mean=0.0564)
2026-03-19 20:47:18,079 | INFO | epoch=2 step=50/789 loss=0.7220 lr=3.79e-05
2026-03-19 20:59:49,083 | INFO | epoch=2 step=100/789 loss=0.7083 lr=3.65e-05
2026-03-19 21:12:44,082 | INFO | epoch=2 step=150/789 loss=0.6970 lr=3.52e-05
2026-03-19 21:26:10,505 | INFO | epoch=2 step=200/789 loss=0.6892 lr=3.37e-05
2026-03-19 21:39:50,312 | INFO | epoch=2 step=250/789 loss=0.6757 lr=3.23e-05
2026-03-19 21:53:05,122 | INFO | epoch=2 step=300/789 loss=0.6704 lr=3.08e-05
2026-03-19 22:05:53,135 | INFO | epoch=2 step=350/789 loss=0.6644 lr=2.93e-05
2026-03-19 22:18:41,625 | INFO | epoch=2 step=400/789 loss=0.6587 lr=2.78e-05
2026-03-19 22:31:27,354 | INFO | epoch=2 step=450/789 loss=0.6512 lr=2.63e-05
2026-03-19 22:44:14,044 | INFO | epoch=2 step=500/789 loss=0.6449 lr=2.47e-05
2026-03-19 22:57:43,575 | INFO | epoch=2 step=550/789 loss=0.6409 lr=2.32e-05
2026-03-19 23:09:54,666 | INFO | epoch=2 step=600/789 loss=0.6356 lr=2.17e-05
2026-03-19 23:22:03,591 | INFO | epoch=2 step=650/789 loss=0.6318 lr=2.02e-05
2026-03-19 23:34:11,598 | INFO | epoch=2 step=700/789 loss=0.6272 lr=1.87e-05
2026-03-19 23:46:15,090 | INFO | epoch=2 step=750/789 loss=0.6232 lr=1.72e-05
2026-03-20 00:29:57,478 | INFO | epoch=2 val ccc_mean=0.0709 (v=0.0974, a=0.0444) rmse(v,a)=(0.4746,0.5177)
2026-03-20 00:29:57,723 | INFO | New best checkpoint saved (ccc_mean=0.0709)
2026-03-20 00:42:48,851 | INFO | epoch=3 step=50/789 loss=0.5413 lr=1.46e-05
2026-03-20 00:57:14,844 | INFO | epoch=3 step=100/789 loss=0.5352 lr=1.33e-05
2026-03-20 01:11:33,951 | INFO | epoch=3 step=150/789 loss=0.5324 lr=1.19e-05
2026-03-20 01:25:40,089 | INFO | epoch=3 step=200/789 loss=0.5270 lr=1.07e-05
2026-03-20 01:39:29,076 | INFO | epoch=3 step=250/789 loss=0.5243 lr=9.43e-06
2026-03-20 01:53:00,295 | INFO | epoch=3 step=300/789 loss=0.5201 lr=8.26e-06
2026-03-20 02:06:08,903 | INFO | epoch=3 step=350/789 loss=0.5177 lr=7.15e-06
2026-03-20 02:18:55,400 | INFO | epoch=3 step=400/789 loss=0.5130 lr=6.11e-06
2026-03-20 02:31:34,526 | INFO | epoch=3 step=450/789 loss=0.5088 lr=5.14e-06
2026-03-20 02:44:02,934 | INFO | epoch=3 step=500/789 loss=0.5068 lr=4.25e-06
2026-03-20 02:56:26,941 | INFO | epoch=3 step=550/789 loss=0.5040 lr=3.43e-06
2026-03-20 03:08:43,348 | INFO | epoch=3 step=600/789 loss=0.5016 lr=2.70e-06
2026-03-20 03:20:44,750 | INFO | epoch=3 step=650/789 loss=0.4993 lr=2.05e-06
2026-03-20 03:32:32,165 | INFO | epoch=3 step=700/789 loss=0.4978 lr=1.48e-06
2026-03-20 03:44:17,987 | INFO | epoch=3 step=750/789 loss=0.4951 lr=1.01e-06
2026-03-20 04:27:07,262 | INFO | epoch=3 val ccc_mean=0.0782 (v=0.0678, a=0.0885) rmse(v,a)=(0.4814,0.4118)
2026-03-20 04:27:07,527 | INFO | New best checkpoint saved (ccc_mean=0.0782)
2026-03-20 04:39:06,816 | INFO | epoch=4 step=50/789 loss=0.4624 lr=3.84e-07
2026-03-20 04:51:32,225 | INFO | epoch=4 step=100/789 loss=0.4567 lr=1.63e-07
2026-03-20 05:04:14,030 | INFO | epoch=4 step=150/789 loss=0.4604 lr=3.48e-08
2026-03-20 05:17:33,238 | INFO | epoch=4 step=200/789 loss=0.4608 lr=9.22e-10
2026-03-20 05:30:50,456 | INFO | epoch=4 step=250/789 loss=0.4597 lr=6.11e-08
2026-03-20 05:43:45,461 | INFO | epoch=4 step=300/789 loss=0.4593 lr=2.15e-07
2026-03-20 05:56:13,873 | INFO | epoch=4 step=350/789 loss=0.4594 lr=4.63e-07
2026-03-20 06:08:32,697 | INFO | epoch=4 step=400/789 loss=0.4588 lr=8.02e-07
2026-03-20 06:20:43,874 | INFO | epoch=4 step=450/789 loss=0.4595 lr=1.23e-06
2026-03-20 06:32:51,499 | INFO | epoch=4 step=500/789 loss=0.4594 lr=1.75e-06
2026-03-20 06:44:51,918 | INFO | epoch=4 step=550/789 loss=0.4598 lr=2.36e-06
2026-03-20 06:56:43,714 | INFO | epoch=4 step=600/789 loss=0.4595 lr=3.05e-06
2026-03-20 07:08:28,319 | INFO | epoch=4 step=650/789 loss=0.4594 lr=3.83e-06
2026-03-20 07:20:12,613 | INFO | epoch=4 step=700/789 loss=0.4615 lr=4.68e-06
2026-03-20 07:31:43,337 | INFO | epoch=4 step=750/789 loss=0.4627 lr=5.62e-06
2026-03-20 08:14:10,380 | INFO | epoch=4 val ccc_mean=0.0633 (v=0.0176, a=0.1089) rmse(v,a)=(0.4976,0.4010)
2026-03-20 08:25:46,570 | INFO | epoch=5 step=50/789 loss=0.4660 lr=7.45e-06
2026-03-20 08:37:47,988 | INFO | epoch=5 step=100/789 loss=0.4705 lr=8.58e-06
2026-03-20 08:50:29,611 | INFO | epoch=5 step=150/789 loss=0.4697 lr=9.76e-06
2026-03-20 09:03:34,600 | INFO | epoch=5 step=200/789 loss=0.4710 lr=1.10e-05
2026-03-20 09:16:46,215 | INFO | epoch=5 step=250/789 loss=0.4750 lr=1.23e-05
2026-03-20 09:29:37,422 | INFO | epoch=5 step=300/789 loss=0.4751 lr=1.37e-05
2026-03-20 09:42:04,019 | INFO | epoch=5 step=350/789 loss=0.4769 lr=1.50e-05
2026-03-20 09:54:20,042 | INFO | epoch=5 step=400/789 loss=0.4775 lr=1.65e-05
2026-03-20 10:06:32,332 | INFO | epoch=5 step=450/789 loss=0.4786 lr=1.79e-05
2026-03-20 10:18:41,659 | INFO | epoch=5 step=500/789 loss=0.4794 lr=1.94e-05
2026-03-20 10:30:51,885 | INFO | epoch=5 step=550/789 loss=0.4813 lr=2.09e-05
2026-03-20 10:42:54,675 | INFO | epoch=5 step=600/789 loss=0.4826 lr=2.24e-05
2026-03-20 10:54:48,704 | INFO | epoch=5 step=650/789 loss=0.4812 lr=2.40e-05
2026-03-20 11:06:34,177 | INFO | epoch=5 step=700/789 loss=0.4808 lr=2.55e-05
2026-03-20 11:19:13,990 | INFO | epoch=5 step=750/789 loss=0.4806 lr=2.70e-05
2026-03-20 12:03:35,398 | INFO | epoch=5 val ccc_mean=0.0597 (v=0.0047, a=0.1148) rmse(v,a)=(0.4698,0.3995)
2026-03-20 12:16:07,510 | INFO | epoch=6 step=50/789 loss=0.5069 lr=2.97e-05
2026-03-20 12:28:17,117 | INFO | epoch=6 step=100/789 loss=0.4960 lr=3.12e-05
2026-03-20 12:40:17,758 | INFO | epoch=6 step=150/789 loss=0.4925 lr=3.27e-05
2026-03-20 12:52:42,569 | INFO | epoch=6 step=200/789 loss=0.4964 lr=3.41e-05
2026-03-20 13:05:21,564 | INFO | epoch=6 step=250/789 loss=0.4940 lr=3.56e-05
2026-03-20 13:17:43,768 | INFO | epoch=6 step=300/789 loss=0.4938 lr=3.69e-05
2026-03-20 13:29:53,768 | INFO | epoch=6 step=350/789 loss=0.4917 lr=3.82e-05
2026-03-20 13:41:40,996 | INFO | epoch=6 step=400/789 loss=0.4911 lr=3.95e-05
2026-03-20 13:53:08,220 | INFO | epoch=6 step=450/789 loss=0.4907 lr=4.07e-05
2026-03-20 14:04:11,406 | INFO | epoch=6 step=500/789 loss=0.4905 lr=4.19e-05
2026-03-20 14:14:46,618 | INFO | epoch=6 step=550/789 loss=0.4895 lr=4.30e-05
2026-03-20 14:24:59,417 | INFO | epoch=6 step=600/789 loss=0.4893 lr=4.40e-05
2026-03-20 14:34:42,844 | INFO | epoch=6 step=650/789 loss=0.4883 lr=4.50e-05
2026-03-20 14:43:59,531 | INFO | epoch=6 step=700/789 loss=0.4859 lr=4.59e-05
2026-03-20 14:52:46,846 | INFO | epoch=6 step=750/789 loss=0.4850 lr=4.67e-05
2026-03-20 15:26:41,857 | INFO | epoch=6 val ccc_mean=0.0799 (v=0.0574, a=0.1024) rmse(v,a)=(0.4571,0.4174)
2026-03-20 15:26:42,076 | INFO | New best checkpoint saved (ccc_mean=0.0799)
2026-03-20 15:38:01,289 | INFO | epoch=7 step=50/789 loss=0.4722 lr=4.79e-05
2026-03-20 15:49:17,699 | INFO | epoch=7 step=100/789 loss=0.4627 lr=4.85e-05
2026-03-20 16:00:28,734 | INFO | epoch=7 step=150/789 loss=0.4687 lr=4.90e-05
2026-03-20 16:11:36,923 | INFO | epoch=7 step=200/789 loss=0.4641 lr=4.94e-05
2026-03-20 16:22:33,572 | INFO | epoch=7 step=250/789 loss=0.4603 lr=4.97e-05
2026-03-20 16:33:19,524 | INFO | epoch=7 step=300/789 loss=0.4596 lr=4.99e-05
2026-03-20 16:43:52,982 | INFO | epoch=7 step=350/789 loss=0.4571 lr=5.00e-05
2026-03-20 16:54:10,770 | INFO | epoch=7 step=400/789 loss=0.4546 lr=5.00e-05
2026-03-20 17:04:10,183 | INFO | epoch=7 step=450/789 loss=0.4526 lr=4.99e-05
2026-03-20 17:13:42,578 | INFO | epoch=7 step=500/789 loss=0.4506 lr=4.98e-05
2026-03-20 17:22:48,783 | INFO | epoch=7 step=550/789 loss=0.4497 lr=4.95e-05
2026-03-20 17:31:28,791 | INFO | epoch=7 step=600/789 loss=0.4479 lr=4.91e-05
2026-03-20 17:39:38,874 | INFO | epoch=7 step=650/789 loss=0.4458 lr=4.87e-05
2026-03-20 17:47:25,885 | INFO | epoch=7 step=700/789 loss=0.4425 lr=4.82e-05
2026-03-20 17:54:50,795 | INFO | epoch=7 step=750/789 loss=0.4416 lr=4.75e-05
2026-03-20 18:26:04,701 | INFO | epoch=7 val ccc_mean=0.0747 (v=-0.0077, a=0.1572) rmse(v,a)=(0.4901,0.3584)
2026-03-20 18:33:57,462 | INFO | epoch=8 step=50/789 loss=0.4336 lr=4.62e-05
2026-03-20 18:41:56,060 | INFO | epoch=8 step=100/789 loss=0.4215 lr=4.54e-05
2026-03-20 18:50:07,633 | INFO | epoch=8 step=150/789 loss=0.4153 lr=4.45e-05
2026-03-20 18:58:27,448 | INFO | epoch=8 step=200/789 loss=0.4132 lr=4.35e-05
2026-03-20 19:07:00,044 | INFO | epoch=8 step=250/789 loss=0.4166 lr=4.24e-05
2026-03-20 19:15:23,653 | INFO | epoch=8 step=300/789 loss=0.4174 lr=4.13e-05
2026-03-20 19:23:38,661 | INFO | epoch=8 step=350/789 loss=0.4134 lr=4.01e-05
2026-03-20 19:31:49,461 | INFO | epoch=8 step=400/789 loss=0.4115 lr=3.88e-05
2026-03-20 19:40:08,078 | INFO | epoch=8 step=450/789 loss=0.4082 lr=3.75e-05
2026-03-20 19:48:45,533 | INFO | epoch=8 step=500/789 loss=0.4070 lr=3.62e-05
2026-03-20 19:57:22,914 | INFO | epoch=8 step=550/789 loss=0.4050 lr=3.48e-05
2026-03-20 20:05:35,694 | INFO | epoch=8 step=600/789 loss=0.4024 lr=3.33e-05
2026-03-20 20:13:28,518 | INFO | epoch=8 step=650/789 loss=0.3998 lr=3.19e-05
2026-03-20 20:20:57,298 | INFO | epoch=8 step=700/789 loss=0.3980 lr=3.04e-05
2026-03-20 20:28:04,117 | INFO | epoch=8 step=750/789 loss=0.3954 lr=2.89e-05
2026-03-20 20:55:10,854 | INFO | epoch=8 val ccc_mean=0.0800 (v=0.0311, a=0.1290) rmse(v,a)=(0.4781,0.3651)
2026-03-20 20:55:11,045 | INFO | New best checkpoint saved (ccc_mean=0.0800)
2026-03-20 21:02:31,327 | INFO | epoch=9 step=50/789 loss=0.3373 lr=2.62e-05
2026-03-20 21:09:54,332 | INFO | epoch=9 step=100/789 loss=0.3502 lr=2.46e-05
2026-03-20 21:17:20,166 | INFO | epoch=9 step=150/789 loss=0.3520 lr=2.31e-05
2026-03-20 21:24:49,145 | INFO | epoch=9 step=200/789 loss=0.3507 lr=2.16e-05
2026-03-20 21:32:21,952 | INFO | epoch=9 step=250/789 loss=0.3500 lr=2.01e-05
2026-03-20 21:40:01,757 | INFO | epoch=9 step=300/789 loss=0.3492 lr=1.86e-05
2026-03-20 21:47:48,362 | INFO | epoch=9 step=350/789 loss=0.3490 lr=1.71e-05
2026-03-20 21:55:41,854 | INFO | epoch=9 step=400/789 loss=0.3460 lr=1.57e-05
2026-03-20 22:03:46,177 | INFO | epoch=9 step=450/789 loss=0.3460 lr=1.43e-05
2026-03-20 22:12:05,586 | INFO | epoch=9 step=500/789 loss=0.3457 lr=1.29e-05
2026-03-20 22:20:35,406 | INFO | epoch=9 step=550/789 loss=0.3442 lr=1.16e-05
2026-03-20 22:28:46,597 | INFO | epoch=9 step=600/789 loss=0.3427 lr=1.03e-05
2026-03-20 22:36:35,220 | INFO | epoch=9 step=650/789 loss=0.3406 lr=9.09e-06
2026-03-20 22:44:04,414 | INFO | epoch=9 step=700/789 loss=0.3386 lr=7.94e-06
2026-03-20 22:51:08,613 | INFO | epoch=9 step=750/789 loss=0.3373 lr=6.85e-06
2026-03-20 23:17:08,479 | INFO | epoch=9 val ccc_mean=0.1041 (v=0.0713, a=0.1369) rmse(v,a)=(0.4720,0.3396)
2026-03-20 23:17:08,705 | INFO | New best checkpoint saved (ccc_mean=0.1041)
2026-03-20 23:24:52,839 | INFO | epoch=10 step=50/789 loss=0.3097 lr=5.09e-06
2026-03-20 23:32:32,247 | INFO | epoch=10 step=100/789 loss=0.3088 lr=4.20e-06
2026-03-20 23:40:09,889 | INFO | epoch=10 step=150/789 loss=0.3075 lr=3.39e-06
2026-03-20 23:47:56,454 | INFO | epoch=10 step=200/789 loss=0.3092 lr=2.66e-06
2026-03-20 23:55:51,463 | INFO | epoch=10 step=250/789 loss=0.3098 lr=2.01e-06
2026-03-21 00:03:47,065 | INFO | epoch=10 step=300/789 loss=0.3092 lr=1.45e-06
2026-03-21 00:11:46,889 | INFO | epoch=10 step=350/789 loss=0.3088 lr=9.81e-07
2026-03-21 00:19:56,077 | INFO | epoch=10 step=400/789 loss=0.3077 lr=6.01e-07
2026-03-21 00:28:17,881 | INFO | epoch=10 step=450/789 loss=0.3070 lr=3.13e-07
2026-03-21 00:36:56,893 | INFO | epoch=10 step=500/789 loss=0.3067 lr=1.17e-07
2026-03-21 00:45:29,693 | INFO | epoch=10 step=550/789 loss=0.3061 lr=1.58e-08
2026-03-21 00:54:27,119 | INFO | epoch=10 step=600/789 loss=0.3061 lr=8.30e-09
2026-03-21 01:04:55,131 | INFO | epoch=10 step=650/789 loss=0.3058 lr=9.48e-08
2026-03-21 01:15:17,320 | INFO | epoch=10 step=700/789 loss=0.3052 lr=2.75e-07
2026-03-21 01:25:30,747 | INFO | epoch=10 step=750/789 loss=0.3049 lr=5.48e-07
2026-03-21 01:55:53,683 | INFO | epoch=10 val ccc_mean=0.1089 (v=0.0740, a=0.1439) rmse(v,a)=(0.4734,0.3396)
2026-03-21 01:55:53,872 | INFO | New best checkpoint saved (ccc_mean=0.1089)
2026-03-21 02:05:31,782 | INFO | epoch=11 step=50/789 loss=0.2996 lr=1.26e-06
2026-03-21 02:15:06,764 | INFO | epoch=11 step=100/789 loss=0.2980 lr=1.79e-06
2026-03-21 02:24:34,989 | INFO | epoch=11 step=150/789 loss=0.3013 lr=2.40e-06
2026-03-21 02:33:56,789 | INFO | epoch=11 step=200/789 loss=0.3003 lr=3.10e-06
2026-03-21 02:43:10,207 | INFO | epoch=11 step=250/789 loss=0.3011 lr=3.88e-06
2026-03-21 02:52:08,799 | INFO | epoch=11 step=300/789 loss=0.3017 lr=4.74e-06
2026-03-21 03:01:03,822 | INFO | epoch=11 step=350/789 loss=0.3013 lr=5.67e-06
2026-03-21 03:10:08,616 | INFO | epoch=11 step=400/789 loss=0.3011 lr=6.68e-06
2026-03-21 03:19:10,813 | INFO | epoch=11 step=450/789 loss=0.3025 lr=7.76e-06
2026-03-21 03:28:15,426 | INFO | epoch=11 step=500/789 loss=0.3044 lr=8.90e-06
2026-03-21 03:36:59,636 | INFO | epoch=11 step=550/789 loss=0.3053 lr=1.01e-05
2026-03-21 03:45:19,043 | INFO | epoch=11 step=600/789 loss=0.3078 lr=1.14e-05
2026-03-21 03:53:20,450 | INFO | epoch=11 step=650/789 loss=0.3083 lr=1.27e-05
2026-03-21 04:00:53,038 | INFO | epoch=11 step=700/789 loss=0.3089 lr=1.40e-05
2026-03-21 04:08:00,251 | INFO | epoch=11 step=750/789 loss=0.3100 lr=1.54e-05
2026-03-21 04:36:12,244 | INFO | epoch=11 val ccc_mean=0.0968 (v=0.0297, a=0.1639) rmse(v,a)=(0.4698,0.3382)
2026-03-21 04:43:48,870 | INFO | epoch=12 step=50/789 loss=0.3216 lr=1.80e-05
2026-03-21 04:51:27,480 | INFO | epoch=12 step=100/789 loss=0.3250 lr=1.95e-05
2026-03-21 04:59:11,285 | INFO | epoch=12 step=150/789 loss=0.3287 lr=2.10e-05
2026-03-21 05:07:02,693 | INFO | epoch=12 step=200/789 loss=0.3259 lr=2.25e-05
2026-03-21 05:15:01,499 | INFO | epoch=12 step=250/789 loss=0.3271 lr=2.40e-05
2026-03-21 05:23:10,104 | INFO | epoch=12 step=300/789 loss=0.3266 lr=2.56e-05
2026-03-21 05:31:23,908 | INFO | epoch=12 step=350/789 loss=0.3284 lr=2.71e-05
2026-03-21 05:39:47,909 | INFO | epoch=12 step=400/789 loss=0.3312 lr=2.86e-05
2026-03-21 05:48:29,914 | INFO | epoch=12 step=450/789 loss=0.3325 lr=3.01e-05
2026-03-21 05:57:14,125 | INFO | epoch=12 step=500/789 loss=0.3356 lr=3.16e-05
2026-03-21 06:05:43,930 | INFO | epoch=12 step=550/789 loss=0.3358 lr=3.31e-05
2026-03-21 06:13:55,143 | INFO | epoch=12 step=600/789 loss=0.3375 lr=3.45e-05
2026-03-21 06:21:45,941 | INFO | epoch=12 step=650/789 loss=0.3386 lr=3.59e-05
2026-03-21 06:29:13,756 | INFO | epoch=12 step=700/789 loss=0.3401 lr=3.73e-05
2026-03-21 06:36:17,362 | INFO | epoch=12 step=750/789 loss=0.3419 lr=3.86e-05
2026-03-21 07:02:46,243 | INFO | epoch=12 val ccc_mean=0.0730 (v=0.0040, a=0.1419) rmse(v,a)=(0.4863,0.3408)
2026-03-21 07:10:13,177 | INFO | epoch=13 step=50/789 loss=0.3564 lr=4.08e-05
2026-03-21 07:17:41,212 | INFO | epoch=13 step=100/789 loss=0.3508 lr=4.20e-05
2026-03-21 07:25:17,003 | INFO | epoch=13 step=150/789 loss=0.3528 lr=4.31e-05
2026-03-21 07:32:48,394 | INFO | epoch=13 step=200/789 loss=0.3577 lr=4.41e-05
2026-03-21 07:40:19,204 | INFO | epoch=13 step=250/789 loss=0.3567 lr=4.50e-05
2026-03-21 07:47:52,407 | INFO | epoch=13 step=300/789 loss=0.3545 lr=4.59e-05
2026-03-21 07:55:33,208 | INFO | epoch=13 step=350/789 loss=0.3568 lr=4.67e-05
2026-03-21 08:03:23,821 | INFO | epoch=13 step=400/789 loss=0.3572 lr=4.74e-05
2026-03-21 08:11:24,221 | INFO | epoch=13 step=450/789 loss=0.3578 lr=4.81e-05
2026-03-21 08:19:37,231 | INFO | epoch=13 step=500/789 loss=0.3582 lr=4.86e-05
2026-03-21 08:28:01,438 | INFO | epoch=13 step=550/789 loss=0.3577 lr=4.91e-05
2026-03-21 08:36:05,061 | INFO | epoch=13 step=600/789 loss=0.3577 lr=4.94e-05
2026-03-21 08:43:48,655 | INFO | epoch=13 step=650/789 loss=0.3576 lr=4.97e-05
2026-03-21 08:51:15,654 | INFO | epoch=13 step=700/789 loss=0.3566 lr=4.99e-05
2026-03-21 08:58:18,665 | INFO | epoch=13 step=750/789 loss=0.3559 lr=5.00e-05
2026-03-21 09:23:58,928 | INFO | epoch=13 val ccc_mean=0.1310 (v=0.0742, a=0.1877) rmse(v,a)=(0.5008,0.3486)
2026-03-21 09:23:59,120 | INFO | New best checkpoint saved (ccc_mean=0.1310)
2026-03-21 09:31:14,088 | INFO | epoch=14 step=50/789 loss=0.3466 lr=4.99e-05
2026-03-21 09:38:28,700 | INFO | epoch=14 step=100/789 loss=0.3419 lr=4.97e-05
2026-03-21 09:45:42,292 | INFO | epoch=14 step=150/789 loss=0.3391 lr=4.95e-05
2026-03-21 09:52:52,496 | INFO | epoch=14 step=200/789 loss=0.3412 lr=4.91e-05
2026-03-21 10:00:06,501 | INFO | epoch=14 step=250/789 loss=0.3449 lr=4.87e-05
2026-03-21 10:07:25,713 | INFO | epoch=14 step=300/789 loss=0.3445 lr=4.81e-05
2026-03-21 10:14:53,909 | INFO | epoch=14 step=350/789 loss=0.3442 lr=4.75e-05
2026-03-21 10:22:32,330 | INFO | epoch=14 step=400/789 loss=0.3432 lr=4.68e-05
2026-03-21 10:30:24,125 | INFO | epoch=14 step=450/789 loss=0.3433 lr=4.60e-05
2026-03-21 10:38:27,134 | INFO | epoch=14 step=500/789 loss=0.3425 lr=4.51e-05
2026-03-21 10:46:44,137 | INFO | epoch=14 step=550/789 loss=0.3398 lr=4.42e-05
2026-03-21 10:54:51,544 | INFO | epoch=14 step=600/789 loss=0.3384 lr=4.32e-05
2026-03-21 11:02:38,956 | INFO | epoch=14 step=650/789 loss=0.3370 lr=4.21e-05
2026-03-21 11:10:04,951 | INFO | epoch=14 step=700/789 loss=0.3358 lr=4.09e-05
2026-03-21 11:19:31,765 | INFO | epoch=14 step=750/789 loss=0.3352 lr=3.97e-05
2026-03-21 11:47:55,641 | INFO | epoch=14 val ccc_mean=0.0889 (v=0.0024, a=0.1753) rmse(v,a)=(0.4849,0.3361)
2026-03-21 11:58:13,593 | INFO | epoch=15 step=50/789 loss=0.3111 lr=3.74e-05
2026-03-21 12:08:25,494 | INFO | epoch=15 step=100/789 loss=0.3121 lr=3.61e-05
2026-03-21 12:18:36,416 | INFO | epoch=15 step=150/789 loss=0.3092 lr=3.47e-05
2026-03-21 12:28:40,017 | INFO | epoch=15 step=200/789 loss=0.3090 lr=3.32e-05
2026-03-21 12:38:37,826 | INFO | epoch=15 step=250/789 loss=0.3099 lr=3.18e-05
2026-03-21 12:48:22,043 | INFO | epoch=15 step=300/789 loss=0.3090 lr=3.03e-05
2026-03-21 12:57:54,652 | INFO | epoch=15 step=350/789 loss=0.3081 lr=2.88e-05
2026-03-21 13:07:10,461 | INFO | epoch=15 step=400/789 loss=0.3063 lr=2.73e-05
2026-03-21 13:16:19,857 | INFO | epoch=15 step=450/789 loss=0.3040 lr=2.57e-05
2026-03-21 13:25:26,466 | INFO | epoch=15 step=500/789 loss=0.3032 lr=2.42e-05
2026-03-21 13:34:14,284 | INFO | epoch=15 step=550/789 loss=0.3016 lr=2.27e-05
2026-03-21 13:42:39,878 | INFO | epoch=15 step=600/789 loss=0.3007 lr=2.11e-05
2026-03-21 13:52:29,692 | INFO | epoch=15 step=650/789 loss=0.2994 lr=1.96e-05
2026-03-21 14:02:32,897 | INFO | epoch=15 step=700/789 loss=0.2981 lr=1.82e-05
2026-03-21 14:12:24,912 | INFO | epoch=15 step=750/789 loss=0.2964 lr=1.67e-05
2026-03-21 14:44:28,586 | INFO | epoch=15 val ccc_mean=0.1148 (v=0.0328, a=0.1968) rmse(v,a)=(0.4769,0.3246)
2026-03-21 14:54:06,944 | INFO | epoch=16 step=50/789 loss=0.2620 lr=1.42e-05
2026-03-21 15:03:41,393 | INFO | epoch=16 step=100/789 loss=0.2655 lr=1.28e-05
2026-03-21 15:13:08,378 | INFO | epoch=16 step=150/789 loss=0.2630 lr=1.15e-05
2026-03-21 15:22:27,980 | INFO | epoch=16 step=200/789 loss=0.2623 lr=1.02e-05
2026-03-21 15:31:45,383 | INFO | epoch=16 step=250/789 loss=0.2605 lr=9.02e-06
2026-03-21 15:40:53,432 | INFO | epoch=16 step=300/789 loss=0.2619 lr=7.87e-06
2026-03-21 15:49:56,599 | INFO | epoch=16 step=350/789 loss=0.2624 lr=6.79e-06
2026-03-21 15:59:00,212 | INFO | epoch=16 step=400/789 loss=0.2614 lr=5.77e-06
2026-03-21 16:08:08,015 | INFO | epoch=16 step=450/789 loss=0.2618 lr=4.83e-06
2026-03-21 16:17:09,641 | INFO | epoch=16 step=500/789 loss=0.2616 lr=3.96e-06
2026-03-21 16:25:53,441 | INFO | epoch=16 step=550/789 loss=0.2609 lr=3.17e-06
2026-03-21 16:34:16,441 | INFO | epoch=16 step=600/789 loss=0.2598 lr=2.47e-06
2026-03-21 16:42:18,859 | INFO | epoch=16 step=650/789 loss=0.2587 lr=1.84e-06
2026-03-21 16:49:54,437 | INFO | epoch=16 step=700/789 loss=0.2581 lr=1.31e-06
2026-03-21 16:57:03,046 | INFO | epoch=16 step=750/789 loss=0.2572 lr=8.65e-07
2026-03-21 17:26:20,093 | INFO | epoch=16 val ccc_mean=0.1213 (v=0.0376, a=0.2049) rmse(v,a)=(0.4746,0.3138)
2026-03-21 17:36:58,483 | INFO | epoch=17 step=50/789 loss=0.2482 lr=2.98e-07
2026-03-21 17:47:36,692 | INFO | epoch=17 step=100/789 loss=0.2463 lr=1.09e-07
2026-03-21 17:58:07,308 | INFO | epoch=17 step=150/789 loss=0.2434 lr=1.27e-08
2026-03-21 18:08:34,325 | INFO | epoch=17 step=200/789 loss=0.2454 lr=1.08e-08
2026-03-21 18:18:56,364 | INFO | epoch=17 step=250/789 loss=0.2434 lr=1.03e-07
2026-03-21 18:29:07,328 | INFO | epoch=17 step=300/789 loss=0.2427 lr=2.89e-07
2026-03-21 18:39:05,538 | INFO | epoch=17 step=350/789 loss=0.2435 lr=5.68e-07
2026-03-21 18:48:50,946 | INFO | epoch=17 step=400/789 loss=0.2434 lr=9.39e-07
2026-03-21 18:58:21,569 | INFO | epoch=17 step=450/789 loss=0.2443 lr=1.40e-06
2026-03-21 19:07:34,168 | INFO | epoch=17 step=500/789 loss=0.2447 lr=1.95e-06
2026-03-21 19:16:29,374 | INFO | epoch=17 step=550/789 loss=0.2448 lr=2.59e-06
2026-03-21 19:24:57,767 | INFO | epoch=17 step=600/789 loss=0.2455 lr=3.31e-06
2026-03-21 19:33:05,776 | INFO | epoch=17 step=650/789 loss=0.2460 lr=4.11e-06
2026-03-21 19:40:46,575 | INFO | epoch=17 step=700/789 loss=0.2461 lr=4.99e-06
2026-03-21 19:47:56,380 | INFO | epoch=17 step=750/789 loss=0.2461 lr=5.95e-06
2026-03-21 20:17:36,532 | INFO | epoch=17 val ccc_mean=0.1393 (v=0.0659, a=0.2127) rmse(v,a)=(0.4692,0.3131)
2026-03-21 20:17:36,864 | INFO | New best checkpoint saved (ccc_mean=0.1393)
2026-03-21 20:25:10,697 | INFO | epoch=18 step=50/789 loss=0.2490 lr=7.83e-06
2026-03-21 20:32:47,419 | INFO | epoch=18 step=100/789 loss=0.2536 lr=8.97e-06
2026-03-21 20:40:39,429 | INFO | epoch=18 step=150/789 loss=0.2531 lr=1.02e-05
2026-03-21 20:48:29,822 | INFO | epoch=18 step=200/789 loss=0.2527 lr=1.14e-05
2026-03-21 20:56:33,628 | INFO | epoch=18 step=250/789 loss=0.2528 lr=1.28e-05
2026-03-21 21:04:49,647 | INFO | epoch=18 step=300/789 loss=0.2544 lr=1.41e-05
2026-03-21 21:13:09,845 | INFO | epoch=18 step=350/789 loss=0.2552 lr=1.55e-05
2026-03-21 21:21:37,479 | INFO | epoch=18 step=400/789 loss=0.2560 lr=1.70e-05
2026-03-21 21:30:27,872 | INFO | epoch=18 step=450/789 loss=0.2570 lr=1.84e-05
2026-03-21 21:39:09,066 | INFO | epoch=18 step=500/789 loss=0.2584 lr=1.99e-05
2026-03-21 21:47:33,695 | INFO | epoch=18 step=550/789 loss=0.2606 lr=2.14e-05
2026-03-21 21:55:43,472 | INFO | epoch=18 step=600/789 loss=0.2622 lr=2.29e-05
2026-03-21 22:03:32,375 | INFO | epoch=18 step=650/789 loss=0.2634 lr=2.45e-05
2026-03-21 22:10:58,498 | INFO | epoch=18 step=700/789 loss=0.2639 lr=2.60e-05
2026-03-21 22:18:04,951 | INFO | epoch=18 step=750/789 loss=0.2653 lr=2.75e-05
2026-03-21 22:44:43,253 | INFO | epoch=18 val ccc_mean=0.1410 (v=0.0531, a=0.2289) rmse(v,a)=(0.4852,0.3173)
2026-03-21 22:44:43,439 | INFO | New best checkpoint saved (ccc_mean=0.1410)
2026-03-21 22:52:10,313 | INFO | epoch=19 step=50/789 loss=0.2782 lr=3.02e-05
2026-03-21 22:59:42,525 | INFO | epoch=19 step=100/789 loss=0.2812 lr=3.17e-05
2026-03-21 23:07:24,931 | INFO | epoch=19 step=150/789 loss=0.2873 lr=3.32e-05
2026-03-21 23:15:11,930 | INFO | epoch=19 step=200/789 loss=0.2882 lr=3.46e-05
2026-03-21 23:23:00,539 | INFO | epoch=19 step=250/789 loss=0.2862 lr=3.60e-05
2026-03-21 23:30:57,548 | INFO | epoch=19 step=300/789 loss=0.2857 lr=3.74e-05
2026-03-21 23:38:47,945 | INFO | epoch=19 step=350/789 loss=0.2860 lr=3.87e-05
2026-03-21 23:46:50,956 | INFO | epoch=19 step=400/789 loss=0.2880 lr=3.99e-05
2026-03-21 23:55:03,164 | INFO | epoch=19 step=450/789 loss=0.2900 lr=4.11e-05
2026-03-22 00:03:32,963 | INFO | epoch=19 step=500/789 loss=0.2923 lr=4.23e-05
2026-03-22 00:11:57,572 | INFO | epoch=19 step=550/789 loss=0.2937 lr=4.34e-05
2026-03-22 00:20:07,996 | INFO | epoch=19 step=600/789 loss=0.2948 lr=4.44e-05
2026-03-22 00:27:59,987 | INFO | epoch=19 step=650/789 loss=0.2958 lr=4.53e-05
2026-03-22 00:35:24,801 | INFO | epoch=19 step=700/789 loss=0.2960 lr=4.62e-05
2026-03-22 00:42:31,793 | INFO | epoch=19 step=750/789 loss=0.2958 lr=4.69e-05
2026-03-22 01:08:40,483 | INFO | epoch=19 val ccc_mean=0.1683 (v=0.1056, a=0.2310) rmse(v,a)=(0.4808,0.3132)
2026-03-22 01:08:40,679 | INFO | New best checkpoint saved (ccc_mean=0.1683)
2026-03-22 01:16:03,416 | INFO | epoch=20 step=50/789 loss=0.2850 lr=4.81e-05
2026-03-22 01:23:29,226 | INFO | epoch=20 step=100/789 loss=0.2994 lr=4.87e-05
2026-03-22 01:30:58,833 | INFO | epoch=20 step=150/789 loss=0.3044 lr=4.91e-05
2026-03-22 01:38:34,930 | INFO | epoch=20 step=200/789 loss=0.3029 lr=4.95e-05
2026-03-22 01:46:09,651 | INFO | epoch=20 step=250/789 loss=0.3009 lr=4.97e-05
2026-03-22 01:54:16,443 | INFO | epoch=20 step=300/789 loss=0.3012 lr=4.99e-05
2026-03-22 02:05:05,455 | INFO | epoch=20 step=350/789 loss=0.3023 lr=5.00e-05
2026-03-22 02:15:50,863 | INFO | epoch=20 step=400/789 loss=0.3028 lr=5.00e-05
2026-03-22 02:26:33,671 | INFO | epoch=20 step=450/789 loss=0.3026 lr=4.99e-05
2026-03-22 02:37:06,291 | INFO | epoch=20 step=500/789 loss=0.3028 lr=4.97e-05
2026-03-22 02:47:31,492 | INFO | epoch=20 step=550/789 loss=0.3022 lr=4.94e-05
2026-03-22 02:57:44,106 | INFO | epoch=20 step=600/789 loss=0.3025 lr=4.90e-05
2026-03-22 03:07:36,718 | INFO | epoch=20 step=650/789 loss=0.3018 lr=4.85e-05
2026-03-22 03:17:12,750 | INFO | epoch=20 step=700/789 loss=0.3008 lr=4.80e-05
2026-03-22 03:26:31,140 | INFO | epoch=20 step=750/789 loss=0.2998 lr=4.73e-05
2026-03-22 03:57:19,065 | INFO | epoch=20 val ccc_mean=0.1104 (v=0.0347, a=0.1861) rmse(v,a)=(0.4625,0.3114)
